03/05/25 18:00:04 ******************************************************
03/05/25 18:00:04 ** condor_scheduniv_exec.9909.0 (CONDOR_DAGMAN) STARTING UP
03/05/25 18:00:04 ** /work/lsst_stack/w_2025_09/conda/envs/lsst-scipipe-10.0.0/bin/condor_dagman
03/05/25 18:00:04 ** SubsystemInfo: name=DAGMAN type=DAGMAN(9) class=CLIENT(2)
03/05/25 18:00:04 ** Configuration: subsystem:DAGMAN local:<NONE> class:CLIENT
03/05/25 18:00:04 ** $CondorVersion: 24.0.4 2025-02-10 $
03/05/25 18:00:04 ** $CondorPlatform: X86_64-AlmaLinux_9.5 $
03/05/25 18:00:04 ** PID = 60833 RealUID = 27031
03/05/25 18:00:04 ** Log last touched time unavailable (No such file or directory)
03/05/25 18:00:04 ******************************************************
03/05/25 18:00:04 Using config source: /work/lsst_stack/w_2025_09/conda/envs/lsst-scipipe-10.0.0/etc/condor/condor_config
03/05/25 18:00:04 Using local config sources: 
03/05/25 18:00:04    /etc/condor/condor_config
03/05/25 18:00:04    /etc/condor/config.d/00-minicondor
03/05/25 18:00:04    /etc/condor/config.d/00-security
03/05/25 18:00:04    /etc/condor/config.d/10-stash-plugin.conf
03/05/25 18:00:04    /etc/condor/config.d/99-lsst
03/05/25 18:00:04    /etc/condor/condor_config.local
03/05/25 18:00:04    /home/testuser/.condor/user_config
03/05/25 18:00:04 config Macros = 99, Sorted = 99, StringBytes = 3213, TablesBytes = 3652
03/05/25 18:00:04 CLASSAD_CACHING is ENABLED
03/05/25 18:00:04 Daemon Log is logging: D_ALWAYS D_ERROR D_STATUS
03/05/25 18:00:04 DaemonCore: No command port requested.
03/05/25 18:00:04 DAGMAN_USE_STRICT setting: 1
03/05/25 18:00:04 DAGMAN_VERBOSITY setting: 3
03/05/25 18:00:04 DAGMAN_DEBUG_CACHE_SIZE setting: 5242880
03/05/25 18:00:04 DAGMAN_DEBUG_CACHE_ENABLE setting: False
03/05/25 18:00:04 DAGMAN_SUBMIT_DELAY setting: 0
03/05/25 18:00:04 DAGMAN_MAX_SUBMIT_ATTEMPTS setting: 6
03/05/25 18:00:04 DAGMAN_STARTUP_CYCLE_DETECT setting: False
03/05/25 18:00:04 DAGMAN_MAX_SUBMITS_PER_INTERVAL setting: 100
03/05/25 18:00:04 DAGMAN_AGGRESSIVE_SUBMIT setting: False
03/05/25 18:00:04 DAGMAN_USER_LOG_SCAN_INTERVAL setting: 1
03/05/25 18:00:04 DAGMAN_QUEUE_UPDATE_INTERVAL setting: 30
03/05/25 18:00:04 DAGMAN_DEFAULT_PRIORITY setting: 0
03/05/25 18:00:04 DAGMAN_SUPPRESS_NOTIFICATION setting: False
03/05/25 18:00:04 allow_events (DAGMAN_ALLOW_EVENTS) setting: 114
03/05/25 18:00:04 DAGMAN_RETRY_SUBMIT_FIRST setting: True
03/05/25 18:00:04 DAGMAN_RETRY_NODE_FIRST setting: False
03/05/25 18:00:04 DAGMAN_MAX_JOBS_IDLE setting: 1000
03/05/25 18:00:04 DAGMAN_MAX_JOBS_SUBMITTED setting: 0
03/05/25 18:00:04 DAGMAN_MAX_PRE_SCRIPTS setting: 20
03/05/25 18:00:04 DAGMAN_MAX_POST_SCRIPTS setting: 20
03/05/25 18:00:04 DAGMAN_MAX_HOLD_SCRIPTS setting: 20
03/05/25 18:00:04 DAGMAN_MUNGE_NODE_NAMES setting: True
03/05/25 18:00:04 DAGMAN_PROHIBIT_MULTI_JOBS setting: False
03/05/25 18:00:04 DAGMAN_SUBMIT_DEPTH_FIRST setting: False
03/05/25 18:00:04 DAGMAN_ALWAYS_RUN_POST setting: False
03/05/25 18:00:04 DAGMAN_CONDOR_SUBMIT_EXE setting: /work/lsst_stack/w_2025_09/conda/envs/lsst-scipipe-10.0.0/bin/condor_submit
03/05/25 18:00:04 DAGMAN_CONDOR_RM_EXE setting: /work/lsst_stack/w_2025_09/conda/envs/lsst-scipipe-10.0.0/bin/condor_rm
03/05/25 18:00:04 DAGMAN_USE_DIRECT_SUBMIT setting: True
03/05/25 18:00:04 DAGMAN_PRODUCE_JOB_CREDENTIALS setting: True
03/05/25 18:00:04 DAGMAN_DEFAULT_APPEND_VARS setting: False
03/05/25 18:00:04 DAGMAN_INHERIT_ATTRS_PREFIX setting: 
03/05/25 18:00:04 DAGMAN_INHERIT_ATTRS setting: 
03/05/25 18:00:04 DAGMAN_ABORT_DUPLICATES setting: True
03/05/25 18:00:04 DAGMAN_ABORT_ON_SCARY_SUBMIT setting: True
03/05/25 18:00:04 DAGMAN_PENDING_REPORT_INTERVAL setting: 60
03/05/25 18:00:04 DAGMAN_CHECK_QUEUE_INTERVAL setting: 28800
03/05/25 18:00:04 DAGMAN_AUTO_RESCUE setting: True
03/05/25 18:00:04 DAGMAN_MAX_RESCUE_NUM setting: 100
03/05/25 18:00:04 DAGMAN_WRITE_PARTIAL_RESCUE setting: True
03/05/25 18:00:04 DAGMAN_DEFAULT_NODE_LOG setting: @(DAG_DIR)/@(DAG_FILE).nodes.log
03/05/25 18:00:04 DAGMAN_GENERATE_SUBDAG_SUBMITS setting: True
03/05/25 18:00:04 DAGMAN_MAX_JOB_HOLDS setting: 100
03/05/25 18:00:04 DAGMAN_HOLD_CLAIM_TIME setting: 20
03/05/25 18:00:04 ALL_DEBUG setting: D_FULLDEBUG
03/05/25 18:00:04 DAGMAN_SUPPRESS_JOB_LOGS setting: False
03/05/25 18:00:04 DAGMAN_REMOVE_NODE_JOBS setting: True
03/05/25 18:00:04 DAGMAN_REMOVE_JOBS_AFTER_LIMIT_CHANGE setting: False
03/05/25 18:00:04 DAGMAN will adjust edges after parsing
03/05/25 18:00:04 argv[0] == "condor_scheduniv_exec.9909.0"
03/05/25 18:00:04 argv[1] == "-Lockfile"
03/05/25 18:00:04 argv[2] == "/work/testuser/gen3work/ordering-46294/noop/submit/u/testuser/DM-46294/noop/fail/20250305T235949Z/u_testuser_DM-46294_noop_fail_20250305T235949Z.dag.lock"
03/05/25 18:00:04 argv[3] == "-Dag"
03/05/25 18:00:04 argv[4] == "/work/testuser/gen3work/ordering-46294/noop/submit/u/testuser/DM-46294/noop/fail/20250305T235949Z/u_testuser_DM-46294_noop_fail_20250305T235949Z.dag"
03/05/25 18:00:04 argv[5] == "-MaxIdle"
03/05/25 18:00:04 argv[6] == "1000"
03/05/25 18:00:04 argv[7] == "-CsdVersion"
03/05/25 18:00:04 argv[8] == "$CondorVersion: 24.0.4 2025-02-10 $"
03/05/25 18:00:04 argv[9] == "-dagman"
03/05/25 18:00:04 argv[10] == "/work/lsst_stack/w_2025_09/conda/envs/lsst-scipipe-10.0.0/bin/condor_dagman"
03/05/25 18:00:04 argv[11] == "-AutoRescue"
03/05/25 18:00:04 argv[12] == "1"
03/05/25 18:00:04 argv[13] == "-DoRescueFrom"
03/05/25 18:00:04 argv[14] == "0"
03/05/25 18:00:04 Workflow batch-id: <9909.0>
03/05/25 18:00:04 Workflow batch-name: <u_testuser_DM-46294_noop_fail_20250305T235949Z.dag+9909>
03/05/25 18:00:04 Workflow accounting_group: <>
03/05/25 18:00:04 Workflow accounting_group_user: <>
03/05/25 18:00:04 Warning: failed to get attribute DAGNodeName
03/05/25 18:00:04 DAGMAN_LOG_ON_NFS_IS_ERROR setting: False
03/05/25 18:00:04 Default node log file is: </work/testuser/gen3work/ordering-46294/noop/submit/u/testuser/DM-46294/noop/fail/20250305T235949Z/u_testuser_DM-46294_noop_fail_20250305T235949Z.dag.nodes.log>
03/05/25 18:00:04 DAG Lockfile will be written to /work/testuser/gen3work/ordering-46294/noop/submit/u/testuser/DM-46294/noop/fail/20250305T235949Z/u_testuser_DM-46294_noop_fail_20250305T235949Z.dag.lock
03/05/25 18:00:04 DAG Input file is /work/testuser/gen3work/ordering-46294/noop/submit/u/testuser/DM-46294/noop/fail/20250305T235949Z/u_testuser_DM-46294_noop_fail_20250305T235949Z.dag
03/05/25 18:00:04 Parsing 1 dagfiles
03/05/25 18:00:04 Parsing /work/testuser/gen3work/ordering-46294/noop/submit/u/testuser/DM-46294/noop/fail/20250305T235949Z/u_testuser_DM-46294_noop_fail_20250305T235949Z.dag ...
03/05/25 18:00:04 Adjusting edges
03/05/25 18:00:04 Dag contains 34 total nodes
03/05/25 18:00:04 Bootstrapping...
03/05/25 18:00:04 Number of pre-completed nodes: 0
03/05/25 18:00:04 MultiLogFiles: truncating log file /work/testuser/gen3work/ordering-46294/noop/submit/u/testuser/DM-46294/noop/fail/20250305T235949Z/u_testuser_DM-46294_noop_fail_20250305T235949Z.dag.nodes.log
03/05/25 18:00:04 DAG status: 0 (DAG_STATUS_OK)
03/05/25 18:00:04 Of 34 nodes total:
03/05/25 18:00:04  Done     Pre   Queued    Post   Ready   Un-Ready   Failed   Futile
03/05/25 18:00:04   ===     ===      ===     ===     ===        ===      ===      ===
03/05/25 18:00:04     0       0        0       0       1         33        0        0
03/05/25 18:00:04 0 job proc(s) currently held
03/05/25 18:00:04 DAGMan Runtime Statistics: [EventCycleTimeCount = 0.0; EventCycleTimeSum = 0.0; LogProcessCycleTimeCount = 0.0; LogProcessCycleTimeSum = 0.0; SleepCycleTimeCount = 0.0; SleepCycleTimeSum = 0.0; SubmitCycleTimeCount = 0.0; SubmitCycleTimeSum = 0.0; ]
03/05/25 18:00:04 Registering condor_event_timer...
03/05/25 18:00:05 Submitting HTCondor Node pipetaskInit job(s)...
03/05/25 18:00:05 Submitting node pipetaskInit from file jobs/pipetaskInit/pipetaskInit.sub using direct job submission
03/05/25 18:00:05 	assigned HTCondor ID (9910.0.0)
03/05/25 18:00:05 Just submitted 1 job this cycle...
03/05/25 18:00:05 DAG status: 0 (DAG_STATUS_OK)
03/05/25 18:00:05 Of 34 nodes total:
03/05/25 18:00:05  Done     Pre   Queued    Post   Ready   Un-Ready   Failed   Futile
03/05/25 18:00:05   ===     ===      ===     ===     ===        ===      ===      ===
03/05/25 18:00:05     0       0        1       0       0         33        0        0
03/05/25 18:00:05 0 job proc(s) currently held
03/05/25 18:00:05 DAGMan Runtime Statistics: [EventCycleTimeCount = 0.0; EventCycleTimeSum = 0.0; LogProcessCycleTimeCount = 0.0; LogProcessCycleTimeSum = 0.0; SleepCycleTimeCount = 0.0; SleepCycleTimeSum = 0.0; SubmitCycleTimeAvg = 0.05478596687316895; SubmitCycleTimeCount = 1.0; SubmitCycleTimeMax = 0.05478596687316895; SubmitCycleTimeMin = 0.05478596687316895; SubmitCycleTimeStd = 0.05478596687316895; SubmitCycleTimeSum = 0.05478596687316895; ]
03/05/25 18:00:06 Currently monitoring 1 HTCondor log file(s)
03/05/25 18:00:06 Reassigning the id of job pipetaskInit from (9910.0.0) to (9910.0.0)
03/05/25 18:00:06 Event: ULOG_SUBMIT for HTCondor Node pipetaskInit (9910.0.0) {03/05/25 18:00:05}
03/05/25 18:00:06 Number of idle job procs: 1
03/05/25 18:00:15 Currently monitoring 1 HTCondor log file(s)
03/05/25 18:00:15 Event: ULOG_EXECUTE for HTCondor Node pipetaskInit (9910.0.0) {03/05/25 18:00:15}
03/05/25 18:00:15 Number of idle job procs: 0
03/05/25 18:00:29 Currently monitoring 1 HTCondor log file(s)
03/05/25 18:00:29 Event: ULOG_JOB_TERMINATED for HTCondor Node pipetaskInit (9910.0.0) {03/05/25 18:00:29}
03/05/25 18:00:29 Number of idle job procs: 0
03/05/25 18:00:29 Node pipetaskInit job proc (9910.0.0) completed successfully.
03/05/25 18:00:29 Node pipetaskInit job completed
03/05/25 18:00:29 DAG status: 0 (DAG_STATUS_OK)
03/05/25 18:00:29 Of 34 nodes total:
03/05/25 18:00:29  Done     Pre   Queued    Post   Ready   Un-Ready   Failed   Futile
03/05/25 18:00:29   ===     ===      ===     ===     ===        ===      ===      ===
03/05/25 18:00:29     1       0        0       0       6         27        0        0
03/05/25 18:00:29 0 job proc(s) currently held
03/05/25 18:00:29 DAGMan Runtime Statistics: [EventCycleTimeAvg = 0.002348442872365316; EventCycleTimeCount = 24.0; EventCycleTimeMax = 0.05517911911010742; EventCycleTimeMin = 2.09808349609375E-05; EventCycleTimeStd = 0.01125307498118626; EventCycleTimeSum = 0.05636262893676758; LogProcessCycleTimeAvg = 0.000221411387125651; LogProcessCycleTimeCount = 3.0; LogProcessCycleTimeMax = 0.0002560615539550781; LogProcessCycleTimeMin = 0.0001959800720214844; LogProcessCycleTimeStd = 3.108354127482018E-05; LogProcessCycleTimeSum = 0.0006642341613769531; SleepCycleTimeAvg = 1.001058518886566; SleepCycleTimeCount = 24.0; SleepCycleTimeMax = 1.001130104064941; SleepCycleTimeMin = 1.000498056411743; SleepCycleTimeStd = 0.0001219151740166861; SleepCycleTimeSum = 24.02540445327759; SubmitCycleTimeAvg = 0.002197360992431641; SubmitCycleTimeCount = 25.0; SubmitCycleTimeMax = 0.05478596687316895; SubmitCycleTimeMin = 2.86102294921875E-06; SubmitCycleTimeStd = 0.01095596040447268; SubmitCycleTimeSum = 0.05493402481079102; ]
03/05/25 18:00:30 Submitting HTCondor Node label1_val1c_val2a job(s)...
03/05/25 18:00:30 Submitting node label1_val1c_val2a from file jobs/label1/val1c/label1_val1c_val2a.sub using direct job submission
03/05/25 18:00:30 	assigned HTCondor ID (9911.0.0)
03/05/25 18:00:30 Submitting HTCondor Node label1_val1a_val2b job(s)...
03/05/25 18:00:30 Submitting node label1_val1a_val2b from file jobs/label1/val1a/label1_val1a_val2b.sub using direct job submission
03/05/25 18:00:30 	assigned HTCondor ID (9912.0.0)
03/05/25 18:00:30 Submitting HTCondor Node label1_val1b_val2b job(s)...
03/05/25 18:00:30 Submitting node label1_val1b_val2b from file jobs/label1/val1b/label1_val1b_val2b.sub using direct job submission
03/05/25 18:00:30 	assigned HTCondor ID (9913.0.0)
03/05/25 18:00:30 Submitting HTCondor Node label1_val1c_val2b job(s)...
03/05/25 18:00:30 Submitting node label1_val1c_val2b from file jobs/label1/val1c/label1_val1c_val2b.sub using direct job submission
03/05/25 18:00:31 	assigned HTCondor ID (9914.0.0)
03/05/25 18:00:31 Submitting HTCondor Node label1_val1a_val2a job(s)...
03/05/25 18:00:31 Submitting node label1_val1a_val2a from file jobs/label1/val1a/label1_val1a_val2a.sub using direct job submission
03/05/25 18:00:31 	assigned HTCondor ID (9915.0.0)
03/05/25 18:00:31 Submitting HTCondor Node label1_val1b_val2a job(s)...
03/05/25 18:00:31 Submitting node label1_val1b_val2a from file jobs/label1/val1b/label1_val1b_val2a.sub using direct job submission
03/05/25 18:00:31 	assigned HTCondor ID (9916.0.0)
03/05/25 18:00:31 Just submitted 6 jobs this cycle...
03/05/25 18:00:31 DAG status: 0 (DAG_STATUS_OK)
03/05/25 18:00:31 Of 34 nodes total:
03/05/25 18:00:31  Done     Pre   Queued    Post   Ready   Un-Ready   Failed   Futile
03/05/25 18:00:31   ===     ===      ===     ===     ===        ===      ===      ===
03/05/25 18:00:31     1       0        6       0       0         27        0        0
03/05/25 18:00:31 0 job proc(s) currently held
03/05/25 18:00:31 DAGMan Runtime Statistics: [EventCycleTimeAvg = 0.002269306182861328; EventCycleTimeCount = 25.0; EventCycleTimeMax = 0.05517911911010742; EventCycleTimeMin = 2.09808349609375E-05; EventCycleTimeStd = 0.01102324549459004; EventCycleTimeSum = 0.0567326545715332; LogProcessCycleTimeAvg = 0.000221411387125651; LogProcessCycleTimeCount = 3.0; LogProcessCycleTimeMax = 0.0002560615539550781; LogProcessCycleTimeMin = 0.0001959800720214844; LogProcessCycleTimeStd = 3.108354127482018E-05; LogProcessCycleTimeSum = 0.0006642341613769531; SleepCycleTimeAvg = 1.001060132980347; SleepCycleTimeCount = 25.0; SleepCycleTimeMax = 1.001130104064941; SleepCycleTimeMin = 1.000498056411743; SleepCycleTimeStd = 0.000119620808083548; SleepCycleTimeSum = 25.02650332450867; SubmitCycleTimeAvg = 0.008924346703749437; SubmitCycleTimeCount = 26.0; SubmitCycleTimeMax = 0.1770989894866943; SubmitCycleTimeMin = 2.86102294921875E-06; SubmitCycleTimeStd = 0.03594151501281097; SubmitCycleTimeSum = 0.2320330142974854; ]
03/05/25 18:00:32 Currently monitoring 1 HTCondor log file(s)
03/05/25 18:00:32 Reassigning the id of job label1_val1c_val2a from (9911.0.0) to (9911.0.0)
03/05/25 18:00:32 Event: ULOG_SUBMIT for HTCondor Node label1_val1c_val2a (9911.0.0) {03/05/25 18:00:30}
03/05/25 18:00:32 Number of idle job procs: 1
03/05/25 18:00:32 Reassigning the id of job label1_val1a_val2b from (9912.0.0) to (9912.0.0)
03/05/25 18:00:32 Event: ULOG_SUBMIT for HTCondor Node label1_val1a_val2b (9912.0.0) {03/05/25 18:00:30}
03/05/25 18:00:32 Number of idle job procs: 2
03/05/25 18:00:32 Reassigning the id of job label1_val1b_val2b from (9913.0.0) to (9913.0.0)
03/05/25 18:00:32 Event: ULOG_SUBMIT for HTCondor Node label1_val1b_val2b (9913.0.0) {03/05/25 18:00:30}
03/05/25 18:00:32 Number of idle job procs: 3
03/05/25 18:00:32 Reassigning the id of job label1_val1c_val2b from (9914.0.0) to (9914.0.0)
03/05/25 18:00:32 Event: ULOG_SUBMIT for HTCondor Node label1_val1c_val2b (9914.0.0) {03/05/25 18:00:30}
03/05/25 18:00:32 Number of idle job procs: 4
03/05/25 18:00:32 Reassigning the id of job label1_val1a_val2a from (9915.0.0) to (9915.0.0)
03/05/25 18:00:32 Event: ULOG_SUBMIT for HTCondor Node label1_val1a_val2a (9915.0.0) {03/05/25 18:00:31}
03/05/25 18:00:32 Number of idle job procs: 5
03/05/25 18:00:32 Reassigning the id of job label1_val1b_val2a from (9916.0.0) to (9916.0.0)
03/05/25 18:00:32 Event: ULOG_SUBMIT for HTCondor Node label1_val1b_val2a (9916.0.0) {03/05/25 18:00:31}
03/05/25 18:00:32 Number of idle job procs: 6
03/05/25 18:00:32 Event: ULOG_EXECUTE for HTCondor Node label1_val1c_val2a (9911.0.0) {03/05/25 18:00:31}
03/05/25 18:00:32 Number of idle job procs: 5
03/05/25 18:00:36 Currently monitoring 1 HTCondor log file(s)
03/05/25 18:00:36 Event: ULOG_EXECUTE for HTCondor Node label1_val1a_val2b (9912.0.0) {03/05/25 18:00:35}
03/05/25 18:00:36 Number of idle job procs: 4
03/05/25 18:00:36 Event: ULOG_EXECUTE for HTCondor Node label1_val1b_val2b (9913.0.0) {03/05/25 18:00:35}
03/05/25 18:00:36 Number of idle job procs: 3
03/05/25 18:00:36 Event: ULOG_EXECUTE for HTCondor Node label1_val1c_val2b (9914.0.0) {03/05/25 18:00:35}
03/05/25 18:00:36 Number of idle job procs: 2
03/05/25 18:00:36 Event: ULOG_EXECUTE for HTCondor Node label1_val1a_val2a (9915.0.0) {03/05/25 18:00:35}
03/05/25 18:00:36 Number of idle job procs: 1
03/05/25 18:00:36 Event: ULOG_EXECUTE for HTCondor Node label1_val1b_val2a (9916.0.0) {03/05/25 18:00:36}
03/05/25 18:00:36 Number of idle job procs: 0
03/05/25 18:00:42 Currently monitoring 1 HTCondor log file(s)
03/05/25 18:00:42 Event: ULOG_JOB_TERMINATED for HTCondor Node label1_val1c_val2a (9911.0.0) {03/05/25 18:00:41}
03/05/25 18:00:42 Number of idle job procs: 0
03/05/25 18:00:42 Node label1_val1c_val2a job proc (9911.0.0) completed successfully.
03/05/25 18:00:42 Node label1_val1c_val2a job completed
03/05/25 18:00:42 DAG status: 0 (DAG_STATUS_OK)
03/05/25 18:00:42 Of 34 nodes total:
03/05/25 18:00:42  Done     Pre   Queued    Post   Ready   Un-Ready   Failed   Futile
03/05/25 18:00:42   ===     ===      ===     ===     ===        ===      ===      ===
03/05/25 18:00:42     2       0        5       0       2         25        0        0
03/05/25 18:00:42 0 job proc(s) currently held
03/05/25 18:00:42 DAGMan Runtime Statistics: [EventCycleTimeAvg = 0.00671815209918552; EventCycleTimeCount = 36.0; EventCycleTimeMax = 0.1773002147674561; EventCycleTimeMin = 2.09808349609375E-05; EventCycleTimeStd = 0.03066225189336925; EventCycleTimeSum = 0.2418534755706787; LogProcessCycleTimeAvg = 0.000298619270324707; LogProcessCycleTimeCount = 6.0; LogProcessCycleTimeMax = 0.0004727840423583984; LogProcessCycleTimeMin = 0.0001959800720214844; LogProcessCycleTimeStd = 0.0001263972673615674; LogProcessCycleTimeSum = 0.001791715621948242; SleepCycleTimeAvg = 1.001067764229245; SleepCycleTimeCount = 36.0; SleepCycleTimeMax = 1.001130104064941; SleepCycleTimeMin = 1.000498056411743; SleepCycleTimeStd = 0.000100190486703628; SleepCycleTimeSum = 36.03843951225281; SubmitCycleTimeAvg = 0.006273108559685784; SubmitCycleTimeCount = 37.0; SubmitCycleTimeMax = 0.1770989894866943; SubmitCycleTimeMin = 2.86102294921875E-06; SubmitCycleTimeStd = 0.03023497623506443; SubmitCycleTimeSum = 0.232105016708374; ]
03/05/25 18:00:43 Submitting HTCondor Node label3_val1c_val2a job(s)...
03/05/25 18:00:43 Submitting node label3_val1c_val2a from file jobs/label3/val1c/label3_val1c_val2a.sub using direct job submission
03/05/25 18:00:43 	assigned HTCondor ID (9917.0.0)
03/05/25 18:00:43 Submitting HTCondor Node label2_val1c_val2a job(s)...
03/05/25 18:00:43 Submitting node label2_val1c_val2a from file jobs/label2/val1c/label2_val1c_val2a.sub using direct job submission
03/05/25 18:00:43 	assigned HTCondor ID (9918.0.0)
03/05/25 18:00:43 Just submitted 2 jobs this cycle...
03/05/25 18:00:43 DAG status: 0 (DAG_STATUS_OK)
03/05/25 18:00:43 Of 34 nodes total:
03/05/25 18:00:43  Done     Pre   Queued    Post   Ready   Un-Ready   Failed   Futile
03/05/25 18:00:43   ===     ===      ===     ===     ===        ===      ===      ===
03/05/25 18:00:43     2       0        7       0       0         25        0        0
03/05/25 18:00:43 0 job proc(s) currently held
03/05/25 18:00:43 DAGMan Runtime Statistics: [EventCycleTimeAvg = 0.006547908525209169; EventCycleTimeCount = 37.0; EventCycleTimeMax = 0.1773002147674561; EventCycleTimeMin = 2.09808349609375E-05; EventCycleTimeStd = 0.0302511176927778; EventCycleTimeSum = 0.2422726154327393; LogProcessCycleTimeAvg = 0.000298619270324707; LogProcessCycleTimeCount = 6.0; LogProcessCycleTimeMax = 0.0004727840423583984; LogProcessCycleTimeMin = 0.0001959800720214844; LogProcessCycleTimeStd = 0.0001263972673615674; LogProcessCycleTimeSum = 0.001791715621948242; SleepCycleTimeAvg = 1.001067960584486; SleepCycleTimeCount = 37.0; SleepCycleTimeMax = 1.001130104064941; SleepCycleTimeMin = 1.000498056411743; SleepCycleTimeStd = 9.879637136700786E-05; SleepCycleTimeSum = 37.03951454162598; SubmitCycleTimeAvg = 0.007974737568905479; SubmitCycleTimeCount = 38.0; SubmitCycleTimeMax = 0.1770989894866943; SubmitCycleTimeMin = 2.86102294921875E-06; SubmitCycleTimeStd = 0.03161451403441493; SubmitCycleTimeSum = 0.3030400276184082; ]
03/05/25 18:00:44 Currently monitoring 1 HTCondor log file(s)
03/05/25 18:00:44 Reassigning the id of job label3_val1c_val2a from (9917.0.0) to (9917.0.0)
03/05/25 18:00:44 Event: ULOG_SUBMIT for HTCondor Node label3_val1c_val2a (9917.0.0) {03/05/25 18:00:43}
03/05/25 18:00:44 Number of idle job procs: 1
03/05/25 18:00:44 Reassigning the id of job label2_val1c_val2a from (9918.0.0) to (9918.0.0)
03/05/25 18:00:44 Event: ULOG_SUBMIT for HTCondor Node label2_val1c_val2a (9918.0.0) {03/05/25 18:00:43}
03/05/25 18:00:44 Number of idle job procs: 2
03/05/25 18:00:44 Event: ULOG_EXECUTE for HTCondor Node label3_val1c_val2a (9917.0.0) {03/05/25 18:00:43}
03/05/25 18:00:44 Number of idle job procs: 1
03/05/25 18:00:45 Currently monitoring 1 HTCondor log file(s)
03/05/25 18:00:45 Event: ULOG_EXECUTE for HTCondor Node label2_val1c_val2a (9918.0.0) {03/05/25 18:00:44}
03/05/25 18:00:45 Number of idle job procs: 0
03/05/25 18:00:47 Currently monitoring 1 HTCondor log file(s)
03/05/25 18:00:47 Event: ULOG_JOB_TERMINATED for HTCondor Node label1_val1a_val2b (9912.0.0) {03/05/25 18:00:46}
03/05/25 18:00:47 Number of idle job procs: 0
03/05/25 18:00:47 Node label1_val1a_val2b job proc (9912.0.0) completed successfully.
03/05/25 18:00:47 Node label1_val1a_val2b job completed
03/05/25 18:00:47 Event: ULOG_JOB_TERMINATED for HTCondor Node label1_val1b_val2b (9913.0.0) {03/05/25 18:00:46}
03/05/25 18:00:47 Number of idle job procs: 0
03/05/25 18:00:47 Node label1_val1b_val2b job proc (9913.0.0) completed successfully.
03/05/25 18:00:47 Node label1_val1b_val2b job completed
03/05/25 18:00:47 DAG status: 0 (DAG_STATUS_OK)
03/05/25 18:00:47 Of 34 nodes total:
03/05/25 18:00:47  Done     Pre   Queued    Post   Ready   Un-Ready   Failed   Futile
03/05/25 18:00:47   ===     ===      ===     ===     ===        ===      ===      ===
03/05/25 18:00:47     4       0        5       0       4         21        0        0
03/05/25 18:00:47 0 job proc(s) currently held
03/05/25 18:00:47 DAGMan Runtime Statistics: [EventCycleTimeAvg = 0.007659278264859828; EventCycleTimeCount = 41.0; EventCycleTimeMax = 0.1773002147674561; EventCycleTimeMin = 2.09808349609375E-05; EventCycleTimeStd = 0.03049721766907912; EventCycleTimeSum = 0.3140304088592529; LogProcessCycleTimeAvg = 0.0002801948123508029; LogProcessCycleTimeCount = 9.0; LogProcessCycleTimeMax = 0.0004727840423583984; LogProcessCycleTimeMin = 0.0001490116119384766; LogProcessCycleTimeStd = 0.0001115837652919972; LogProcessCycleTimeSum = 0.002521753311157227; SleepCycleTimeAvg = 1.001046721528216; SleepCycleTimeCount = 41.0; SleepCycleTimeMax = 1.001130104064941; SleepCycleTimeMin = 1.000196933746338; SleepCycleTimeStd = 0.0001653304005631325; SleepCycleTimeSum = 41.04291558265686; SubmitCycleTimeAvg = 0.007215692883446103; SubmitCycleTimeCount = 42.0; SubmitCycleTimeMax = 0.1770989894866943; SubmitCycleTimeMin = 2.86102294921875E-06; SubmitCycleTimeStd = 0.03012597566400996; SubmitCycleTimeSum = 0.3030591011047363; ]
03/05/25 18:00:48 Submitting HTCondor Node label3_val1a_val2b job(s)...
03/05/25 18:00:48 Submitting node label3_val1a_val2b from file jobs/label3/val1a/label3_val1a_val2b.sub using direct job submission
03/05/25 18:00:48 	assigned HTCondor ID (9919.0.0)
03/05/25 18:00:48 Submitting HTCondor Node label2_val1a_val2b job(s)...
03/05/25 18:00:48 Submitting node label2_val1a_val2b from file jobs/label2/val1a/label2_val1a_val2b.sub using direct job submission
03/05/25 18:00:48 	assigned HTCondor ID (9920.0.0)
03/05/25 18:00:48 Submitting HTCondor Node label3_val1b_val2b job(s)...
03/05/25 18:00:48 Submitting node label3_val1b_val2b from file jobs/label3/val1b/label3_val1b_val2b.sub using direct job submission
03/05/25 18:00:48 	assigned HTCondor ID (9921.0.0)
03/05/25 18:00:48 Submitting HTCondor Node label2_val1b_val2b job(s)...
03/05/25 18:00:48 Submitting node label2_val1b_val2b from file jobs/label2/val1b/label2_val1b_val2b.sub using direct job submission
03/05/25 18:00:48 	assigned HTCondor ID (9922.0.0)
03/05/25 18:00:48 Just submitted 4 jobs this cycle...
03/05/25 18:00:48 Currently monitoring 1 HTCondor log file(s)
03/05/25 18:00:48 Event: ULOG_JOB_TERMINATED for HTCondor Node label1_val1a_val2a (9915.0.0) {03/05/25 18:00:47}
03/05/25 18:00:48 Number of idle job procs: 0
03/05/25 18:00:48 Node label1_val1a_val2a job proc (9915.0.0) completed successfully.
03/05/25 18:00:48 Node label1_val1a_val2a job completed
03/05/25 18:00:48 Event: ULOG_JOB_TERMINATED for HTCondor Node label1_val1c_val2b (9914.0.0) {03/05/25 18:00:47}
03/05/25 18:00:48 Number of idle job procs: 0
03/05/25 18:00:48 Node label1_val1c_val2b job proc (9914.0.0) completed successfully.
03/05/25 18:00:48 Node label1_val1c_val2b job completed
03/05/25 18:00:48 Event: ULOG_JOB_TERMINATED for HTCondor Node label1_val1b_val2a (9916.0.0) {03/05/25 18:00:47}
03/05/25 18:00:48 Number of idle job procs: 0
03/05/25 18:00:48 Node label1_val1b_val2a job proc (9916.0.0) completed successfully.
03/05/25 18:00:48 Node label1_val1b_val2a job completed
03/05/25 18:00:48 Reassigning the id of job label3_val1a_val2b from (9919.0.0) to (9919.0.0)
03/05/25 18:00:48 Event: ULOG_SUBMIT for HTCondor Node label3_val1a_val2b (9919.0.0) {03/05/25 18:00:48}
03/05/25 18:00:48 Number of idle job procs: 1
03/05/25 18:00:48 Reassigning the id of job label2_val1a_val2b from (9920.0.0) to (9920.0.0)
03/05/25 18:00:48 Event: ULOG_SUBMIT for HTCondor Node label2_val1a_val2b (9920.0.0) {03/05/25 18:00:48}
03/05/25 18:00:48 Number of idle job procs: 2
03/05/25 18:00:48 Reassigning the id of job label3_val1b_val2b from (9921.0.0) to (9921.0.0)
03/05/25 18:00:48 Event: ULOG_SUBMIT for HTCondor Node label3_val1b_val2b (9921.0.0) {03/05/25 18:00:48}
03/05/25 18:00:48 Number of idle job procs: 3
03/05/25 18:00:48 Reassigning the id of job label2_val1b_val2b from (9922.0.0) to (9922.0.0)
03/05/25 18:00:48 Event: ULOG_SUBMIT for HTCondor Node label2_val1b_val2b (9922.0.0) {03/05/25 18:00:48}
03/05/25 18:00:48 Number of idle job procs: 4
03/05/25 18:00:48 DAG status: 0 (DAG_STATUS_OK)
03/05/25 18:00:48 Of 34 nodes total:
03/05/25 18:00:48  Done     Pre   Queued    Post   Ready   Un-Ready   Failed   Futile
03/05/25 18:00:48   ===     ===      ===     ===     ===        ===      ===      ===
03/05/25 18:00:48     7       0        6       0       6         15        0        0
03/05/25 18:00:48 0 job proc(s) currently held
03/05/25 18:00:48 DAGMan Runtime Statistics: [EventCycleTimeAvg = 0.007487966900780087; EventCycleTimeCount = 42.0; EventCycleTimeMax = 0.1773002147674561; EventCycleTimeMin = 2.09808349609375E-05; EventCycleTimeStd = 0.03014345698567254; EventCycleTimeSum = 0.3144946098327637; LogProcessCycleTimeAvg = 0.0003096818923950196; LogProcessCycleTimeCount = 10.0; LogProcessCycleTimeMax = 0.0005750656127929688; LogProcessCycleTimeMin = 0.0001490116119384766; LogProcessCycleTimeStd = 0.0001405787258569136; LogProcessCycleTimeSum = 0.003096818923950195; SleepCycleTimeAvg = 1.00104698680696; SleepCycleTimeCount = 42.0; SleepCycleTimeMax = 1.001130104064941; SleepCycleTimeMin = 1.000196933746338; SleepCycleTimeStd = 0.0001633107799067392; SleepCycleTimeSum = 42.04397344589233; SubmitCycleTimeAvg = 0.009642861610235171; SubmitCycleTimeCount = 43.0; SubmitCycleTimeMax = 0.1770989894866943; SubmitCycleTimeMin = 2.86102294921875E-06; SubmitCycleTimeStd = 0.03375329406752286; SubmitCycleTimeSum = 0.4146430492401123; ]
03/05/25 18:00:49 Submitting HTCondor Node label3_val1a_val2a job(s)...
03/05/25 18:00:49 Submitting node label3_val1a_val2a from file jobs/label3/val1a/label3_val1a_val2a.sub using direct job submission
03/05/25 18:00:49 	assigned HTCondor ID (9923.0.0)
03/05/25 18:00:49 Submitting HTCondor Node label2_val1a_val2a job(s)...
03/05/25 18:00:49 Submitting node label2_val1a_val2a from file jobs/label2/val1a/label2_val1a_val2a.sub using direct job submission
03/05/25 18:00:49 	assigned HTCondor ID (9924.0.0)
03/05/25 18:00:49 Submitting HTCondor Node label3_val1c_val2b job(s)...
03/05/25 18:00:49 Submitting node label3_val1c_val2b from file jobs/label3/val1c/label3_val1c_val2b.sub using direct job submission
03/05/25 18:00:49 	assigned HTCondor ID (9925.0.0)
03/05/25 18:00:49 Submitting HTCondor Node label2_val1c_val2b job(s)...
03/05/25 18:00:49 Submitting node label2_val1c_val2b from file jobs/label2/val1c/label2_val1c_val2b.sub using direct job submission
03/05/25 18:00:49 	assigned HTCondor ID (9926.0.0)
03/05/25 18:00:49 Submitting HTCondor Node label3_val1b_val2a job(s)...
03/05/25 18:00:49 Submitting node label3_val1b_val2a from file jobs/label3/val1b/label3_val1b_val2a.sub using direct job submission
03/05/25 18:00:49 	assigned HTCondor ID (9927.0.0)
03/05/25 18:00:49 Submitting HTCondor Node label2_val1b_val2a job(s)...
03/05/25 18:00:49 Submitting node label2_val1b_val2a from file jobs/label2/val1b/label2_val1b_val2a.sub using direct job submission
03/05/25 18:00:49 	assigned HTCondor ID (9928.0.0)
03/05/25 18:00:49 Just submitted 6 jobs this cycle...
03/05/25 18:00:49 Currently monitoring 1 HTCondor log file(s)
03/05/25 18:00:49 Event: ULOG_EXECUTE for HTCondor Node label3_val1a_val2b (9919.0.0) {03/05/25 18:00:48}
03/05/25 18:00:49 Number of idle job procs: 3
03/05/25 18:00:49 Event: ULOG_EXECUTE for HTCondor Node label2_val1a_val2b (9920.0.0) {03/05/25 18:00:48}
03/05/25 18:00:49 Number of idle job procs: 2
03/05/25 18:00:49 Event: ULOG_EXECUTE for HTCondor Node label3_val1b_val2b (9921.0.0) {03/05/25 18:00:48}
03/05/25 18:00:49 Number of idle job procs: 1
03/05/25 18:00:49 Event: ULOG_EXECUTE for HTCondor Node label2_val1b_val2b (9922.0.0) {03/05/25 18:00:49}
03/05/25 18:00:49 Number of idle job procs: 0
03/05/25 18:00:49 Reassigning the id of job label3_val1a_val2a from (9923.0.0) to (9923.0.0)
03/05/25 18:00:49 Event: ULOG_SUBMIT for HTCondor Node label3_val1a_val2a (9923.0.0) {03/05/25 18:00:49}
03/05/25 18:00:49 Number of idle job procs: 1
03/05/25 18:00:49 Reassigning the id of job label2_val1a_val2a from (9924.0.0) to (9924.0.0)
03/05/25 18:00:49 Event: ULOG_SUBMIT for HTCondor Node label2_val1a_val2a (9924.0.0) {03/05/25 18:00:49}
03/05/25 18:00:49 Number of idle job procs: 2
03/05/25 18:00:49 Reassigning the id of job label3_val1c_val2b from (9925.0.0) to (9925.0.0)
03/05/25 18:00:49 Event: ULOG_SUBMIT for HTCondor Node label3_val1c_val2b (9925.0.0) {03/05/25 18:00:49}
03/05/25 18:00:49 Number of idle job procs: 3
03/05/25 18:00:49 Reassigning the id of job label2_val1c_val2b from (9926.0.0) to (9926.0.0)
03/05/25 18:00:49 Event: ULOG_SUBMIT for HTCondor Node label2_val1c_val2b (9926.0.0) {03/05/25 18:00:49}
03/05/25 18:00:49 Number of idle job procs: 4
03/05/25 18:00:49 Reassigning the id of job label3_val1b_val2a from (9927.0.0) to (9927.0.0)
03/05/25 18:00:49 Event: ULOG_SUBMIT for HTCondor Node label3_val1b_val2a (9927.0.0) {03/05/25 18:00:49}
03/05/25 18:00:49 Number of idle job procs: 5
03/05/25 18:00:49 Reassigning the id of job label2_val1b_val2a from (9928.0.0) to (9928.0.0)
03/05/25 18:00:49 Event: ULOG_SUBMIT for HTCondor Node label2_val1b_val2a (9928.0.0) {03/05/25 18:00:49}
03/05/25 18:00:49 Number of idle job procs: 6
03/05/25 18:00:49 DAG status: 0 (DAG_STATUS_OK)
03/05/25 18:00:49 Of 34 nodes total:
03/05/25 18:00:49  Done     Pre   Queued    Post   Ready   Un-Ready   Failed   Futile
03/05/25 18:00:49   ===     ===      ===     ===     ===        ===      ===      ===
03/05/25 18:00:49     7       0       12       0       0         15        0        0
03/05/25 18:00:49 0 job proc(s) currently held
03/05/25 18:00:49 DAGMan Runtime Statistics: [EventCycleTimeAvg = 0.009926734968673351; EventCycleTimeCount = 43.0; EventCycleTimeMax = 0.1773002147674561; EventCycleTimeMin = 2.09808349609375E-05; EventCycleTimeStd = 0.03380444283959935; EventCycleTimeSum = 0.4268496036529541; LogProcessCycleTimeAvg = 0.000329711220481179; LogProcessCycleTimeCount = 11.0; LogProcessCycleTimeMax = 0.0005750656127929688; LogProcessCycleTimeMin = 0.0001490116119384766; LogProcessCycleTimeStd = 0.0001489934702146745; LogProcessCycleTimeSum = 0.003626823425292969; SleepCycleTimeAvg = 1.001047711039698; SleepCycleTimeCount = 43.0; SleepCycleTimeMax = 1.001130104064941; SleepCycleTimeMin = 1.000196933746338; SleepCycleTimeStd = 0.0001614247653325302; SleepCycleTimeSum = 43.04505157470703; SubmitCycleTimeAvg = 0.01562529260461981; SubmitCycleTimeCount = 44.0; SubmitCycleTimeMax = 0.2728698253631592; SubmitCycleTimeMin = 2.86102294921875E-06; SubmitCycleTimeStd = 0.05184136389185992; SubmitCycleTimeSum = 0.6875128746032715; ]
03/05/25 18:00:50 Currently monitoring 1 HTCondor log file(s)
03/05/25 18:00:50 Event: ULOG_EXECUTE for HTCondor Node label3_val1a_val2a (9923.0.0) {03/05/25 18:00:49}
03/05/25 18:00:50 Number of idle job procs: 5
03/05/25 18:00:55 Currently monitoring 1 HTCondor log file(s)
03/05/25 18:00:55 Event: ULOG_JOB_TERMINATED for HTCondor Node label3_val1c_val2a (9917.0.0) {03/05/25 18:00:55}
03/05/25 18:00:55 Number of idle job procs: 5
03/05/25 18:00:55 Node label3_val1c_val2a job proc (9917.0.0) completed successfully.
03/05/25 18:00:55 Node label3_val1c_val2a job completed
03/05/25 18:00:55 DAG status: 0 (DAG_STATUS_OK)
03/05/25 18:00:55 Of 34 nodes total:
03/05/25 18:00:55  Done     Pre   Queued    Post   Ready   Un-Ready   Failed   Futile
03/05/25 18:00:55   ===     ===      ===     ===     ===        ===      ===      ===
03/05/25 18:00:55     8       0       11       0       0         15        0        0
03/05/25 18:00:55 0 job proc(s) currently held
03/05/25 18:00:55 DAGMan Runtime Statistics: [EventCycleTimeAvg = 0.01429990359715053; EventCycleTimeCount = 49.0; EventCycleTimeMax = 0.2735898494720459; EventCycleTimeMin = 2.09808349609375E-05; EventCycleTimeStd = 0.04938451974530435; EventCycleTimeSum = 0.700695276260376; LogProcessCycleTimeAvg = 0.002811615283672626; LogProcessCycleTimeCount = 13.0; LogProcessCycleTimeMax = 0.03278112411499023; LogProcessCycleTimeMin = 0.0001430511474609375; LogProcessCycleTimeStd = 0.009005891637556466; LogProcessCycleTimeSum = 0.03655099868774414; SleepCycleTimeAvg = 1.001050545244801; SleepCycleTimeCount = 49.0; SleepCycleTimeMax = 1.001130104064941; SleepCycleTimeMin = 1.000196933746338; SleepCycleTimeStd = 0.0001513258610059386; SleepCycleTimeSum = 49.05147671699524; SubmitCycleTimeAvg = 0.01375076293945312; SubmitCycleTimeCount = 50.0; SubmitCycleTimeMax = 0.2728698253631592; SubmitCycleTimeMin = 2.86102294921875E-06; SubmitCycleTimeStd = 0.04883376159591123; SubmitCycleTimeSum = 0.6875381469726562; ]
03/05/25 18:00:56 Currently monitoring 1 HTCondor log file(s)
03/05/25 18:00:56 Event: ULOG_EXECUTE for HTCondor Node label2_val1a_val2a (9924.0.0) {03/05/25 18:00:55}
03/05/25 18:00:56 Number of idle job procs: 4
03/05/25 18:00:56 Event: ULOG_EXECUTE for HTCondor Node label3_val1c_val2b (9925.0.0) {03/05/25 18:00:55}
03/05/25 18:00:56 Number of idle job procs: 3
03/05/25 18:00:56 Event: ULOG_EXECUTE for HTCondor Node label3_val1b_val2a (9927.0.0) {03/05/25 18:00:55}
03/05/25 18:00:56 Number of idle job procs: 2
03/05/25 18:00:56 Event: ULOG_EXECUTE for HTCondor Node label2_val1c_val2b (9926.0.0) {03/05/25 18:00:56}
03/05/25 18:00:56 Number of idle job procs: 1
03/05/25 18:00:56 Event: ULOG_JOB_TERMINATED for HTCondor Node label2_val1c_val2a (9918.0.0) {03/05/25 18:00:56}
03/05/25 18:00:56 Number of idle job procs: 1
03/05/25 18:00:56 Node label2_val1c_val2a job proc (9918.0.0) completed successfully.
03/05/25 18:00:56 Node label2_val1c_val2a job completed
03/05/25 18:00:56 Event: ULOG_EXECUTE for HTCondor Node label2_val1b_val2a (9928.0.0) {03/05/25 18:00:56}
03/05/25 18:00:56 Number of idle job procs: 0
03/05/25 18:00:56 DAG status: 0 (DAG_STATUS_OK)
03/05/25 18:00:56 Of 34 nodes total:
03/05/25 18:00:56  Done     Pre   Queued    Post   Ready   Un-Ready   Failed   Futile
03/05/25 18:00:56   ===     ===      ===     ===     ===        ===      ===      ===
03/05/25 18:00:56     9       0       10       0       1         14        0        0
03/05/25 18:00:56 0 job proc(s) currently held
03/05/25 18:00:56 DAGMan Runtime Statistics: [EventCycleTimeAvg = 0.0146739673614502; EventCycleTimeCount = 50.0; EventCycleTimeMax = 0.2735898494720459; EventCycleTimeMin = 2.09808349609375E-05; EventCycleTimeStd = 0.04894951397627969; EventCycleTimeSum = 0.7336983680725098; LogProcessCycleTimeAvg = 0.002645935331072126; LogProcessCycleTimeCount = 14.0; LogProcessCycleTimeMax = 0.03278112411499023; LogProcessCycleTimeMin = 0.0001430511474609375; LogProcessCycleTimeStd = 0.008674759506075295; LogProcessCycleTimeSum = 0.03704309463500977; SleepCycleTimeAvg = 1.001051034927368; SleepCycleTimeCount = 50.0; SleepCycleTimeMax = 1.001130104064941; SleepCycleTimeMin = 1.000196933746338; SleepCycleTimeStd = 0.0001498137797727708; SleepCycleTimeSum = 50.05255174636841; SubmitCycleTimeAvg = 0.01348121960957845; SubmitCycleTimeCount = 51.0; SubmitCycleTimeMax = 0.2728698253631592; SubmitCycleTimeMin = 2.86102294921875E-06; SubmitCycleTimeStd = 0.04838126579694712; SubmitCycleTimeSum = 0.687542200088501; ]
03/05/25 18:00:57 Submitting HTCondor Node label5_val1c_val2a job(s)...
03/05/25 18:00:57 Submitting node label5_val1c_val2a from file jobs/label5/val1c/label5_val1c_val2a.sub using direct job submission
03/05/25 18:00:57 	assigned HTCondor ID (9929.0.0)
03/05/25 18:00:57 Just submitted 1 job this cycle...
03/05/25 18:00:57 DAG status: 0 (DAG_STATUS_OK)
03/05/25 18:00:57 Of 34 nodes total:
03/05/25 18:00:57  Done     Pre   Queued    Post   Ready   Un-Ready   Failed   Futile
03/05/25 18:00:57   ===     ===      ===     ===     ===        ===      ===      ===
03/05/25 18:00:57     9       0       11       0       0         14        0        0
03/05/25 18:00:57 0 job proc(s) currently held
03/05/25 18:00:57 DAGMan Runtime Statistics: [EventCycleTimeAvg = 0.01439959395165537; EventCycleTimeCount = 51.0; EventCycleTimeMax = 0.2735898494720459; EventCycleTimeMin = 2.09808349609375E-05; EventCycleTimeStd = 0.04849714568211046; EventCycleTimeSum = 0.7343792915344238; LogProcessCycleTimeAvg = 0.002645935331072126; LogProcessCycleTimeCount = 14.0; LogProcessCycleTimeMax = 0.03278112411499023; LogProcessCycleTimeMin = 0.0001430511474609375; LogProcessCycleTimeStd = 0.008674759506075295; LogProcessCycleTimeSum = 0.03704309463500977; SleepCycleTimeAvg = 1.001051486707201; SleepCycleTimeCount = 51.0; SleepCycleTimeMax = 1.001130104064941; SleepCycleTimeMin = 1.000196933746338; SleepCycleTimeStd = 0.0001483431652914521; SleepCycleTimeSum = 51.05362582206726; SubmitCycleTimeAvg = 0.01621152345950787; SubmitCycleTimeCount = 52.0; SubmitCycleTimeMax = 0.2728698253631592; SubmitCycleTimeMin = 2.86102294921875E-06; SubmitCycleTimeStd = 0.05179273072872663; SubmitCycleTimeSum = 0.8429992198944092; ]
