07/25/24 11:05:38 DAGMAN_USE_STRICT setting: 1
07/25/24 11:05:38 SharedPortClient: sent connection request to local schedd for shared port id schedd_1705_1110
07/25/24 11:05:38 Warning: failed to get attribute DAGNodeName
07/25/24 11:05:38 Warning: default node log file /tmp/submit/test_run.dag.nodes.log is in /tmp
07/25/24 11:05:38 ERROR: Warning is fatal error because of DAGMAN_USE_STRICT setting
07/25/24 11:05:38 Aborting DAG...
07/25/24 11:05:38 DAGMan Runtime Statistics: [ EventCycleTimeCount = 0.0; EventCycleTimeSum = 0.0; LogProcessCycleTimeCount = 0.0; LogProcessCycleTimeSum = 0.0; SleepCycleTimeCount = 0.0; SleepCycleTimeSum = 0.0; SubmitCycleTimeCount = 0.0; SubmitCycleTimeSum = 0.0; ]
07/25/24 11:05:38 **** condor_scheduniv_exec.1143.0 (condor_DAGMAN) pid 17642 EXITING WITH STATUS 1
